main.c:81:6:HAL_UART_RxCpltCallback	16	static
main.c:89:6:command_parser_fsm	16	static
main.c:131:6:UART_Trasmit	32	static
main.c:144:6:uart_communication_fsm	16	static
main.c:174:5:main	8	static
main.c:229:6:SystemClock_Config	88	static
main.c:272:13:MX_ADC1_Init	24	static
main.c:317:13:MX_TIM2_Init	32	static
main.c:362:13:MX_USART2_UART_Init	8	static
main.c:395:13:MX_GPIO_Init	32	static
main.c:415:6:HAL_TIM_PeriodElapsedCallback	16	static
main.c:425:6:Error_Handler	4	static,ignoring_inline_asm
